[    0.08s] run temptation -> runs/20260801T094552Z-temptation
[    0.08s] WARNING: working tree is dirty; this run is not reproducible from the commit alone
[    0.09s] 12 personas generated offline (no API)
[    0.09s] 
[    0.09s] === arm: count ===
[    0.09s] The Board weighs the number of items a member has entered into the register since the last sitting, and the extent to which others have drawn on them.
[    2.18s]   V. Brandt        idle          
[    3.28s]   J. Ashworth      idle          
[    5.37s]   Z. Lindqvist     confirm       
[    7.79s]   B. Petrossian    confirm       
[    9.42s]   R. Duong         idle          
[   12.09s]   C. Duong         confirm       
[   14.12s]   A. Ashworth      confirm       
[   16.26s]   O. Lindqvist     confirm       
[   18.50s]   M. Lindqvist     confirm       
[   20.75s]   T. Marchetti     confirm       
[   25.16s]   H. Ashworth      confirm       
[   26.52s]   P. Kimura        idle          
[   26.52s]   -> {"idle": 4, "confirm": 8}
[   26.52s] 
[   26.52s] === arm: replication ===
[   26.52s] The Board commissions independent replication of the claims a member has entered since the last sitting, and weighs only those findings which its own laboratories reproduce.
[   30.71s]   V. Brandt        confirm       
[   33.20s]   J. Ashworth      confirm       
[   35.42s]   Z. Lindqvist     confirm       
[   39.09s]   B. Petrossian    confirm       
[   41.51s]   R. Duong         confirm       
[   43.79s]   C. Duong         confirm       
[   46.07s]   A. Ashworth      confirm       
[   48.58s]   O. Lindqvist     confirm       
[   50.64s]   M. Lindqvist     confirm       
[   53.21s]   T. Marchetti     confirm       
[   56.23s]   H. Ashworth      confirm       
[   60.07s]   P. Kimura        confirm       
[   60.07s]   -> {"confirm": 12}
[   60.07s] 
[   60.07s] === verdict ===
[   60.07s] done in 60.07s, $0.00357, 24 model calls
